VS Code and Node.js are working!